seeds=(10, 11, 12) configs=['default', 'alt'] lengths=(8, 32, 128, 512) n_probe_steps=4 repeats=3
config=default seed=10 impl=uncached exponent_b=1.4453
config=default seed=10 impl=cached exponent_b=0.2743
config=default seed=11 impl=uncached exponent_b=1.4566
config=default seed=11 impl=cached exponent_b=0.3541
config=default seed=12 impl=uncached exponent_b=1.4206
config=default seed=12 impl=cached exponent_b=0.2880
config=alt seed=10 impl=uncached exponent_b=1.3965
config=alt seed=10 impl=cached exponent_b=0.2212
config=alt seed=11 impl=uncached exponent_b=1.5162
config=alt seed=11 impl=cached exponent_b=0.3509
config=alt seed=12 impl=uncached exponent_b=1.4862
config=alt seed=12 impl=cached exponent_b=0.2627

--- fitted wall-clock exponent, mean +/- std across 3 seeds x 2 configs (lengths=(8, 32, 128, 512)) ---
impl=uncached n=6 mean=1.4536 std=0.0396
impl=cached n=6 mean=0.2919 std=0.0475

--- FLOPs-ratio check, analytic, lengths 8192 and 1048576 ---
config=default uncached_exponent=1.9964 (closer to 2 than 1: True)
config=default cached_exponent=0.9964 (closer to 1 than 2: True)
config=alt uncached_exponent=1.9929 (closer to 2 than 1: True)
config=alt cached_exponent=0.9929 (closer to 1 than 2: True)
